Archive member included to satisfy reference by file (symbol)

c:/nxp/mcuxpressoide_10.2.1_795/ide/tools/bin/../lib/gcc/arm-none-eabi/7.2.1/../../../../arm-none-eabi/lib/thumb/v7-m\libcr_c.a(__weak__main.o)
                              ./src/cr_startup_lpc175x_6x.o (__main)

Discarded input sections

 .group         0x00000000        0xc ./src/cr_startup_lpc175x_6x.o
 .text          0x00000000        0x0 ./src/cr_startup_lpc175x_6x.o
 .data          0x00000000        0x0 ./src/cr_startup_lpc175x_6x.o
 .bss           0x00000000        0x0 ./src/cr_startup_lpc175x_6x.o
 .group         0x00000000        0xc ./src/crp.o
 .group         0x00000000        0xc ./src/crp.o
 .text          0x00000000        0x0 ./src/crp.o
 .data          0x00000000        0x0 ./src/crp.o
 .bss           0x00000000        0x0 ./src/crp.o
 .debug_macro   0x00000000      0xa60 ./src/crp.o
 .group         0x00000000        0xc ./src/hw1.o
 .group         0x00000000        0xc ./src/hw1.o
 .text          0x00000000        0x0 ./src/hw1.o
 .data          0x00000000        0x0 ./src/hw1.o
 .bss           0x00000000        0x0 ./src/hw1.o
 .debug_macro   0x00000000      0xa60 ./src/hw1.o
 .text          0x00000000        0x0 c:/nxp/mcuxpressoide_10.2.1_795/ide/tools/bin/../lib/gcc/arm-none-eabi/7.2.1/../../../../arm-none-eabi/lib/thumb/v7-m\libcr_c.a(__weak__main.o)
 .data          0x00000000        0x0 c:/nxp/mcuxpressoide_10.2.1_795/ide/tools/bin/../lib/gcc/arm-none-eabi/7.2.1/../../../../arm-none-eabi/lib/thumb/v7-m\libcr_c.a(__weak__main.o)
 .bss           0x00000000        0x0 c:/nxp/mcuxpressoide_10.2.1_795/ide/tools/bin/../lib/gcc/arm-none-eabi/7.2.1/../../../../arm-none-eabi/lib/thumb/v7-m\libcr_c.a(__weak__main.o)

Memory Configuration

Name             Origin             Length             Attributes
MFlash512        0x00000000         0x00080000         xr
RamLoc32         0x10000000         0x00008000         xrw
RamAHB32         0x2007c000         0x00008000         xrw
*default*        0x00000000         0xffffffff

Linker script and memory map

LOAD ./src/cr_startup_lpc175x_6x.o
LOAD ./src/crp.o
LOAD ./src/hw1.o
START GROUP
LOAD c:/nxp/mcuxpressoide_10.2.1_795/ide/tools/bin/../lib/gcc/arm-none-eabi/7.2.1/../../../../arm-none-eabi/lib/thumb/v7-m\libcr_c.a
LOAD c:/nxp/mcuxpressoide_10.2.1_795/ide/tools/bin/../lib/gcc/arm-none-eabi/7.2.1/thumb/v7-m\libcr_eabihelpers.a
END GROUP
                0x00000000                __base_MFlash512 = 0x0
                0x00000000                __base_Flash = 0x0
                0x00080000                __top_MFlash512 = 0x80000
                0x00080000                __top_Flash = 0x80000
                0x10000000                __base_RamLoc32 = 0x10000000
                0x10000000                __base_RAM = 0x10000000
                0x10008000                __top_RamLoc32 = 0x10008000
                0x10008000                __top_RAM = 0x10008000
                0x2007c000                __base_RamAHB32 = 0x2007c000
                0x2007c000                __base_RAM2 = 0x2007c000
                0x20084000                __top_RamAHB32 = 0x20084000
                0x20084000                __top_RAM2 = 0x20084000

.text           0x00000000      0x36c
 FILL mask 0xff
                0x00000000                __vectors_start__ = ABSOLUTE (.)
 *(.isr_vector)
 .isr_vector    0x00000000       0xcc ./src/cr_startup_lpc175x_6x.o
                0x00000000                g_pfnVectors
                0x000000cc                . = ALIGN (0x4)
                0x000000cc                __section_table_start = .
                0x000000cc                __data_section_table = .
                0x000000cc        0x4 LONG 0x36c LOADADDR (.data)
                0x000000d0        0x4 LONG 0x10000000 ADDR (.data)
                0x000000d4        0x4 LONG 0x0 SIZEOF (.data)
                0x000000d8        0x4 LONG 0x36c LOADADDR (.data_RAM2)
                0x000000dc        0x4 LONG 0x2007c000 ADDR (.data_RAM2)
                0x000000e0        0x4 LONG 0x0 SIZEOF (.data_RAM2)
                0x000000e4                __data_section_table_end = .
                0x000000e4                __bss_section_table = .
                0x000000e4        0x4 LONG 0x10000000 ADDR (.bss)
                0x000000e8        0x4 LONG 0x0 SIZEOF (.bss)
                0x000000ec        0x4 LONG 0x2007c000 ADDR (.bss_RAM2)
                0x000000f0        0x4 LONG 0x0 SIZEOF (.bss_RAM2)
                0x000000f4                __bss_section_table_end = .
                0x000000f4                __section_table_end = .
 *(.after_vectors*)
 .after_vectors
                0x000000f4      0x128 ./src/cr_startup_lpc175x_6x.o
                0x000000f4                data_init
                0x00000136                bss_init
                0x0000016c                ResetISR
                0x000001e0                NMI_Handler
                0x000001e6                HardFault_Handler
                0x000001ec                MemManage_Handler
                0x000001f2                BusFault_Handler
                0x000001f8                UsageFault_Handler
                0x000001fe                SVC_Handler
                0x00000204                DebugMon_Handler
                0x0000020a                PendSV_Handler
                0x00000210                SysTick_Handler
                0x00000216                EINT3_IRQHandler
                0x00000216                CANActivity_IRQHandler
                0x00000216                TIMER3_IRQHandler
                0x00000216                UART0_IRQHandler
                0x00000216                UART1_IRQHandler
                0x00000216                EINT2_IRQHandler
                0x00000216                USBActivity_IRQHandler
                0x00000216                IntDefaultHandler
                0x00000216                PLL0_IRQHandler
                0x00000216                I2C0_IRQHandler
                0x00000216                I2C1_IRQHandler
                0x00000216                SSP0_IRQHandler
                0x00000216                I2S_IRQHandler
                0x00000216                I2C2_IRQHandler
                0x00000216                RTC_IRQHandler
                0x00000216                TIMER0_IRQHandler
                0x00000216                SPI_IRQHandler
                0x00000216                RIT_IRQHandler
                0x00000216                EINT1_IRQHandler
                0x00000216                TIMER1_IRQHandler
                0x00000216                UART2_IRQHandler
                0x00000216                ADC_IRQHandler
                0x00000216                SSP1_IRQHandler
                0x00000216                USB_IRQHandler
                0x00000216                BOD_IRQHandler
                0x00000216                PLL1_IRQHandler
                0x00000216                WDT_IRQHandler
                0x00000216                PWM1_IRQHandler
                0x00000216                QEI_IRQHandler
                0x00000216                EINT0_IRQHandler
                0x00000216                CAN_IRQHandler
                0x00000216                DMA_IRQHandler
                0x00000216                TIMER2_IRQHandler
                0x00000216                UART3_IRQHandler
                0x00000216                MCPWM_IRQHandler
                0x00000216                ENET_IRQHandler
                0x000002fc                . = 0x2fc
 *fill*         0x0000021c       0xe0 ff
                0x000002fc                PROVIDE (__CRP_WORD_START__, .)
 *(.crp)
 .crp           0x000002fc        0x4 ./src/crp.o
                0x000002fc                CRP_WORD
                0x00000300                PROVIDE (__CRP_WORD_END__, .)
                0x00000001                ASSERT (! ((__CRP_WORD_START__ == __CRP_WORD_END__)), Linker CRP Enabled, but no CRP_WORD provided within application)
 *(.text*)
 .text.wait_ticks
                0x00000300       0x24 ./src/hw1.o
                0x00000300                wait_ticks
 .text.main     0x00000324       0x44 ./src/hw1.o
                0x00000324                main
 .text.__weak_main
                0x00000368        0x4 c:/nxp/mcuxpressoide_10.2.1_795/ide/tools/bin/../lib/gcc/arm-none-eabi/7.2.1/../../../../arm-none-eabi/lib/thumb/v7-m\libcr_c.a(__weak__main.o)
                0x00000368                __weak_main
                0x00000368                __main
 *(.rodata .rodata.* .constdata .constdata.*)
                0x0000036c                . = ALIGN (0x4)

.glue_7         0x0000036c        0x0
 .glue_7        0x0000036c        0x0 linker stubs

.glue_7t        0x0000036c        0x0
 .glue_7t       0x0000036c        0x0 linker stubs

.vfp11_veneer   0x0000036c        0x0
 .vfp11_veneer  0x0000036c        0x0 linker stubs

.v4_bx          0x0000036c        0x0
 .v4_bx         0x0000036c        0x0 linker stubs

.iplt           0x0000036c        0x0
 .iplt          0x0000036c        0x0 ./src/cr_startup_lpc175x_6x.o

.rel.dyn        0x0000036c        0x0
 .rel.iplt      0x0000036c        0x0 ./src/cr_startup_lpc175x_6x.o

.ARM.extab
 *(.ARM.extab* .gnu.linkonce.armextab.*)
                0x0000036c                __exidx_start = .

.ARM.exidx
 *(.ARM.exidx* .gnu.linkonce.armexidx.*)
                0x0000036c                __exidx_end = .
                0x0000036c                _etext = .

.data_RAM2      0x2007c000        0x0 load address 0x0000036c
 FILL mask 0xff
                [!provide]                PROVIDE (__start_data_RAM2, .)
 *(.ramfunc.$RAM2)
 *(.ramfunc.$RamAHB32)
 *(.data.$RAM2*)
 *(.data.$RamAHB32*)
                0x2007c000                . = ALIGN (0x4)
                [!provide]                PROVIDE (__end_data_RAM2, .)

.uninit_RESERVED
                0x10000000        0x0
 *(.bss.$RESERVED*)
                0x10000000                . = ALIGN (0x4)
                0x10000000                _end_uninit_RESERVED = .

.data           0x10000000        0x0 load address 0x0000036c
 FILL mask 0xff
                0x10000000                _data = .
 *(vtable)
 *(.ramfunc*)
 *(.data*)
                0x10000000                . = ALIGN (0x4)
                0x10000000                _edata = .

.igot.plt       0x10000000        0x0 load address 0x0000036c
 .igot.plt      0x10000000        0x0 ./src/cr_startup_lpc175x_6x.o

.bss_RAM2       0x2007c000        0x0
                [!provide]                PROVIDE (__start_bss_RAM2, .)
 *(.bss.$RAM2*)
 *(.bss.$RamAHB32*)
                0x2007c000                . = ALIGN ((. != 0x0)?0x4:0x1)
                [!provide]                PROVIDE (__end_bss_RAM2, .)

.bss            0x10000000        0x0
                0x10000000                _bss = .
 *(.bss*)
 *(COMMON)
                0x10000000                . = ALIGN (0x4)
                0x10000000                _ebss = .
                [!provide]                PROVIDE (end, .)

.noinit_RAM2    0x2007c000        0x0
 *(.noinit.$RAM2*)
 *(.noinit.$RamAHB32*)
                0x2007c000                . = ALIGN (0x4)

.noinit         0x10000000        0x0
                0x10000000                _noinit = .
 *(.noinit*)
                0x10000000                . = ALIGN (0x4)
                0x10000000                _end_noinit = .
                [!provide]                PROVIDE (_pvHeapStart, DEFINED (__user_heap_base)?__user_heap_base:.)
                0x10008000                PROVIDE (_vStackTop, DEFINED (__user_stack_top)?__user_stack_top:(__top_RamLoc32 - 0x0))
                0xefff74f2                PROVIDE (__valid_user_code_checksum, (0x0 - ((((((_vStackTop + (ResetISR + 0x1)) + (NMI_Handler + 0x1)) + (HardFault_Handler + 0x1)) + (DEFINED (MemManage_Handler)?MemManage_Handler:0x0 + 0x1)) + (DEFINED (BusFault_Handler)?BusFault_Handler:0x0 + 0x1)) + (DEFINED (UsageFault_Handler)?UsageFault_Handler:0x0 + 0x1))))
                0x00000000                _image_start = LOADADDR (.text)
                0x0000036c                _image_end = (LOADADDR (.data) + SIZEOF (.data))
                0x0000036c                _image_size = (_image_end - _image_start)
OUTPUT(hw1.axf elf32-littlearm)

.debug_info     0x00000000      0x30d
 .debug_info    0x00000000      0x255 ./src/cr_startup_lpc175x_6x.o
 .debug_info    0x00000255       0x3f ./src/crp.o
 .debug_info    0x00000294       0x79 ./src/hw1.o

.debug_abbrev   0x00000000      0x1c3
 .debug_abbrev  0x00000000      0x114 ./src/cr_startup_lpc175x_6x.o
 .debug_abbrev  0x00000114       0x36 ./src/crp.o
 .debug_abbrev  0x0000014a       0x79 ./src/hw1.o

.debug_aranges  0x00000000       0xc0
 .debug_aranges
                0x00000000       0x80 ./src/cr_startup_lpc175x_6x.o
 .debug_aranges
                0x00000080       0x18 ./src/crp.o
 .debug_aranges
                0x00000098       0x28 ./src/hw1.o

.debug_ranges   0x00000000       0x88
 .debug_ranges  0x00000000       0x70 ./src/cr_startup_lpc175x_6x.o
 .debug_ranges  0x00000070       0x18 ./src/hw1.o

.debug_macro    0x00000000      0xb73
 .debug_macro   0x00000000       0x1d ./src/cr_startup_lpc175x_6x.o
 .debug_macro   0x0000001d      0xa60 ./src/cr_startup_lpc175x_6x.o
 .debug_macro   0x00000a7d       0x1a ./src/crp.o
 .debug_macro   0x00000a97       0x34 ./src/crp.o
 .debug_macro   0x00000acb       0x26 ./src/hw1.o
 .debug_macro   0x00000af1       0x82 ./src/hw1.o

.debug_line     0x00000000      0x203
 .debug_line    0x00000000       0xd2 ./src/cr_startup_lpc175x_6x.o
 .debug_line    0x000000d2       0x75 ./src/crp.o
 .debug_line    0x00000147       0xbc ./src/hw1.o

.debug_str      0x00000000     0x3424
 .debug_str     0x00000000     0x2e71 ./src/cr_startup_lpc175x_6x.o
                               0x2e84 (size before relaxing)
 .debug_str     0x00002e71       0xe9 ./src/crp.o
                               0x2d91 (size before relaxing)
 .debug_str     0x00002f5a      0x4ca ./src/hw1.o
                               0x316b (size before relaxing)

.comment        0x00000000       0x7e
 .comment       0x00000000       0x7e ./src/cr_startup_lpc175x_6x.o
                                 0x7f (size before relaxing)
 .comment       0x0000007e       0x7f ./src/crp.o
 .comment       0x0000007e       0x7f ./src/hw1.o
 .comment       0x0000007e       0x7f c:/nxp/mcuxpressoide_10.2.1_795/ide/tools/bin/../lib/gcc/arm-none-eabi/7.2.1/../../../../arm-none-eabi/lib/thumb/v7-m\libcr_c.a(__weak__main.o)

.ARM.attributes
                0x00000000       0x33
 .ARM.attributes
                0x00000000       0x33 ./src/cr_startup_lpc175x_6x.o
 .ARM.attributes
                0x00000033       0x33 ./src/crp.o
 .ARM.attributes
                0x00000066       0x33 ./src/hw1.o
 .ARM.attributes
                0x00000099       0x33 c:/nxp/mcuxpressoide_10.2.1_795/ide/tools/bin/../lib/gcc/arm-none-eabi/7.2.1/../../../../arm-none-eabi/lib/thumb/v7-m\libcr_c.a(__weak__main.o)

.debug_frame    0x00000000      0x1c4
 .debug_frame   0x00000000      0x170 ./src/cr_startup_lpc175x_6x.o
 .debug_frame   0x00000170       0x54 ./src/hw1.o
